// Jest Snapshot v1, https://goo.gl/fbAQLP

exports[`BDetails renders correctly 1`] = `
<details>
    <summary><strong>hello world</strong>
        <div class="icon"></div>
    </summary>
</details>
`;
