// Jest Snapshot v1, https://goo.gl/fbAQLP

exports[`BNav renders a button 1`] = `<nav></nav>`;
