// Jest Snapshot v1, https://goo.gl/fbAQLP

exports[`BBanner renders a button 1`] = `<header role="banner"></header>`;
