// Jest Snapshot v1, https://goo.gl/fbAQLP

exports[`BNavItem should render nav item 1`] = `<a class="b-nav-item"></a>`;
