// Jest Snapshot v1, https://goo.gl/fbAQLP

exports[`BValidator mounted html should match snapshot 1`] = `<div></div>`;
