// Jest Snapshot v1, https://goo.gl/fbAQLP

exports[`BHeader renders correctly 1`] = `
<header>
    <div></div>
</header>
`;
