// Jest Snapshot v1, https://goo.gl/fbAQLP

exports[`BSection renders correctly 1`] = `
<header>
    <div></div>
</header>
`;
